// Jest Snapshot v1, https://goo.gl/fbAQLP

exports[`Tests calculator components renders as expected 1`] = `
<div
  className="flex justify-between w-full h-auto my-24 py-10 px-20"
>
  <h1
    className="w-1-2 text-4xl font-bold text-gray-300"
    data-testid="title"
  >
    Let's do some math!
  </h1>
  <div
    className="bg-white w-1-2 h-auto p-3 oveflow-hidden shadow-4xl rounded-md"
    data-testid="container"
  >
    <div
      className="bg-gray-500 h-20 flex items-center justify-end p-5"
    >
      <p
        className="text-3xl text-white font-bold"
      >
        
      </p>
    </div>
    <div
      className="bg-gray-300 shadow-2xl p-2 h-auto grid grid-cols-4 gap-1 font-bold text-lg"
    >
      <button
        className="bg-white w-22 h-20 focus:outline-none border-2 hover:border-gray-300 hover:rounded hover:shadow-xl"
        data-testid="keypad-button"
        name="AC"
        onClick={[Function]}
      >
        AC
      </button>
      <button
        className="bg-white w-22 h-20 focus:outline-none border-2 hover:border-gray-300 hover:shadow-xl"
        data-testid="keypad-button"
        name="+/ "
        onClick={[Function]}
      >
        +/-
      </button>
      <button
        className="bg-white w-22 h-20 focus:outline-none border-2 hover:border-gray-300 hover:shadow-xl"
        data-testid="keypad-button"
        name="%"
        onClick={[Function]}
      >
        %
      </button>
      <button
        className="bg-yellow-500 w-22 h-20 focus:outline-none border-2 hover:border-gray-300 hover:shadow-xl"
        data-testid="keypad-button"
        name="÷"
        onClick={[Function]}
      >
        ÷
      </button>
      <button
        className="bg-white w-22 h-20 focus:outline-none border-2 hover:border-gray-300 hover:shadow-xl"
        data-testid="keypad-button"
        name="7"
        onClick={[Function]}
      >
        7
      </button>
      <button
        className="bg-white w-22 h-20 focus:outline-none border-2 hover:border-gray-300 hover:shadow-xl"
        data-testid="keypad-button"
        name="8"
        onClick={[Function]}
      >
        8
      </button>
      <button
        className="bg-white w-22 h-20 focus:outline-none border-2 hover:border-gray-300 hover:shadow-xl"
        data-testid="keypad-button"
        name="9"
        onClick={[Function]}
      >
        9
      </button>
      <button
        className="bg-yellow-500 w-22 h-20 focus:outline-none border-2 hover:border-gray-300 hover:shadow-xl"
        data-testid="keypad-button"
        name="x"
        onClick={[Function]}
      >
        x
      </button>
      <button
        className="bg-white w-22 h-20 focus:outline-none border-2 hover:border-gray-300 hover:shadow-xl"
        data-testid="keypad-button"
        name="4"
        onClick={[Function]}
      >
        4
      </button>
      <button
        className="bg-white w-22 h-20 focus:outline-none border-2 hover:border-gray-300 hover:shadow-xl"
        data-testid="keypad-button"
        name="5"
        onClick={[Function]}
      >
        5
      </button>
      <button
        className="bg-white w-22 h-20 focus:outline-none border-2 hover:border-gray-300 hover:shadow-xl"
        data-testid="keypad-button"
        name="6"
        onClick={[Function]}
      >
        6
      </button>
      <button
        className="bg-yellow-500 w-22 h-20 focus:outline-none border-2 hover:border-gray-300 hover:shadow-xl"
        data-testid="keypad-button"
        name="-"
        onClick={[Function]}
      >
        -
      </button>
      <button
        className="bg-white w-22 h-20 focus:outline-none border-2 hover:border-gray-300 hover:shadow-xl"
        data-testid="keypad-button"
        name="1"
        onClick={[Function]}
      >
        1
      </button>
      <button
        className="bg-white w-22 h-20 focus:outline-none border-2 hover:border-gray-300 hover:shadow-xl"
        data-testid="keypad-button"
        name="2"
        onClick={[Function]}
      >
        2
      </button>
      <button
        className="bg-white w-22 h-20 focus:outline-none border-2 hover:border-gray-300 hover:shadow-xl"
        data-testid="keypad-button"
        name="3"
        onClick={[Function]}
      >
        3
      </button>
      <button
        className="bg-yellow-500 w-22 h-20 focus:outline-none border-2 hover:border-gray-300 hover:shadow-xl"
        data-testid="keypad-button"
        name="+"
        onClick={[Function]}
      >
        +
      </button>
      <button
        className="bg-white h-20 focus:outline-none border-2 hover:border-gray-300 hover:shadow-xl col-span-2"
        data-testid="keypad-button"
        name="0"
        onClick={[Function]}
      >
        0
      </button>
      <button
        className="bg-white w-22 h-20 focus:outline-none border-2 hover:border-gray-300 hover:shadow-xl"
        data-testid="keypad-button"
        name="."
        onClick={[Function]}
      >
        .
      </button>
      <button
        className="bg-yellow-500 w-22 h-20 focus:outline-none border-2 hover:border-gray-300 hover:shadow-xl"
        data-testid="keypad-button"
        name="="
        onClick={[Function]}
      >
        =
      </button>
    </div>
  </div>
</div>
`;
