// Jest Snapshot v1, https://goo.gl/fbAQLP

exports[`Testing homepage renders as expected 1`] = `
<div
  className="w-full h-auto my-24 py-10 px-20 space-y-10 text-justify"
>
  <h1
    className="text-4xl text-gray-300 font-bold mb-20"
  >
    Welcome to our page!
  </h1>
  <p
    className="text-2xl text-gray-200"
    data-testid="paragraph"
  >
    Lorem ipsum dolor sit amet, consectetur adipiscing elit. Morbi ultrices, purus sit amet lobortis egestas, libero enim rhoncus libero, in posuere dui velit at libero. Sed non tellus tortor. Maecenas euismod tortor ex, eu placerat odio egestas quis. Proin dignissim elit quam, nec facilisis quam laoreet a. Donec in dignissim erat, sit amet elementum lectus. Donec maximus est vulputate, aliquet eros nec, finibus velit. Nulla at lacus accumsan, euismod diam ac, pretium libero.
  </p>
  <p
    className="text-2xl text-gray-200"
    data-testid="paragraph"
  >
    Lorem ipsum dolor sit amet, consectetur adipiscing elit. Morbi ultrices, purus sit amet lobortis egestas, libero enim rhoncus libero, in posuere dui velit at libero. Sed non tellus tortor. Maecenas euismod tortor ex, eu placerat odio egestas quis. Proin dignissim elit quam, nec facilisis quam laoreet a. Donec in dignissim erat, sit amet elementum lectus. Donec maximus est vulputate, aliquet eros nec, finibus velit. Nulla at lacus accumsan, euismod diam ac, pretium libero.
  </p>
</div>
`;
